// Jest Snapshot v1, https://goo.gl/fbAQLP

exports[`Button snapshot 1`] = `
.c0 {
  color: #1F304C;
  font-weight: 400;
  font-size: 1rem;
  font-family: Whitney SSm A,Whitney SSm B,Helvetica Neue,Helvetica,Arial,sans-serif;
}

.c1 {
  -webkit-text-decoration: underline;
  text-decoration: underline;
  cursor: pointer;
  color: #0263E0;
}

.c1:focus {
  outline-width: 2px;
  outline-style: solid;
  outline-color: #0263E0;
  outline-offset: 2px;
  -moz-outline-radius: 4px;
}

.c1 .sc-gsTCUz {
  width: 0.75em;
  height: 0.75em;
  margin-bottom: 0.15em;
  margin-left: 0.5em;
  color: inherit;
  vertical-align: middle;
}

.c1:hover {
  color: #043CB5;
}

.c1:focus,
.c1:active {
  color: #001489;
}

<div
  class="c0"
>
  <a
    class="c1"
    href="https://twilio.com"
    rel="noreferrer noopener"
    target="_blank"
  >
    Click Me
  </a>
</div>
`;
