// Jest Snapshot v1, https://goo.gl/fbAQLP

exports[`Button snapshot 1`] = `
.c0 {
  color: hsla(217.33333333333334,42.05607476635513%,20.980392156862745%,1);
  font-weight: 400;
  font-size: 1rem;
  font-family: Whitney SSm A,Whitney SSm B,Helvetica Neue,Helvetica,Arial,sans-serif;
}

.c1 {
  display: inline-block;
  font-weight: 500;
  font-family: Whitney SSm A,Whitney SSm B,Helvetica Neue,Helvetica,Arial,sans-serif;
  text-align: center;
  -webkit-text-decoration: none;
  text-decoration: none;
  border-style: solid;
  border-width: 2px;
  border-radius: 4px;
  cursor: pointer;
  -webkit-transition-duration: 0.2s;
  transition-duration: 0.2s;
  -webkit-transition-property: color,background,border;
  transition-property: color,background,border;
  -webkit-transition-timing-function: ease-in;
  transition-timing-function: ease-in;
  padding: calc(16px - 2px) calc(24px - 2px);
  font-size: 1rem;
  color: hsla(0,0%,100%,1);
  background: hsla(213.78378378378378,98.23008849557523%,44.31372549019608%,1);
  border-color: hsla(213.78378378378378,98.23008849557523%,44.31372549019608%,1);
}

.c1:focus {
  outline-width: 2px;
  outline-style: solid;
  outline-color: hsla(213.78378378378378,98.23008849557523%,44.31372549019608%,1);
  outline-offset: 2px;
  -moz-outline-radius: 4px;
}

.c1:disabled {
  color: hsla(219.5121951219512,26.451612903225808%,30.3921568627451%,1);
  background: hsla(240,9.999999999999986%,96.07843137254902%,1);
  border-color: hsla(240,9.999999999999986%,96.07843137254902%,1);
  cursor: not-allowed;
}

.c1:hover {
  background: hsla(221.01694915254237,95.67567567567566%,36.274509803921575%,1);
  border-color: hsla(221.01694915254237,95.67567567567566%,36.274509803921575%,1);
}

.c1:focus,
.c1:active {
  background: hsla(231.24087591240877,100%,26.862745098039216%,1);
  border-color: hsla(231.24087591240877,100%,26.862745098039216%,1);
}

<div
  class="c0"
>
  <button
    class="c1"
    type="button"
  >
    Click Me
  </button>
</div>
`;
