// Jest Snapshot v1, https://goo.gl/fbAQLP

exports[`Spaces snapshot 1`] = `
.c0 {
  color: #1F304C;
  font-weight: 400;
  font-size: 1rem;
  font-family: Whitney SSm A,Whitney SSm B,Helvetica Neue,Helvetica,Arial,sans-serif;
}

.c1 {
  display: grid;
  grid-template-columns: 1fr 2fr;
  grid-template-areas: sidebar main;
  grid-gap: 1rem;
}

.c2 {
  grid-area: sidebar;
}

.c3 {
  grid-area: main;
}

<div
  class="c0"
>
  <div
    class="c1"
  >
    <div
      class="c2"
    />
    <div
      class="c3"
    />
  </div>
</div>
`;
