// Jest Snapshot v1, https://goo.gl/fbAQLP

exports[`Separator snapshot 1`] = `
.c0 {
  color: #1F304C;
  font-weight: 400;
  font-size: 1rem;
  font-family: Whitney SSm A,Whitney SSm B,Helvetica Neue,Helvetica,Arial,sans-serif;
}

.c1 {
  margin-top: 0.5rem;
  margin-bottom: 0.5rem;
  height: 0.0625rem;
  background: #E1E3EA;
  border: none;
  opacity: 1;
}

<div
  class="c0"
>
  <hr
    aria-orientation="horizontal"
    class="c1"
    role="separator"
  />
</div>
`;
