// Jest Snapshot v1, https://goo.gl/fbAQLP

exports[`Wombat it should render Wombat with the brand color 1`] = `
<DocumentFragment>
  .c0 {
  color: hsla(217.33333333333334,42.05607476635513%,20.980392156862745%,1);
  font-weight: 400;
  font-size: 1rem;
  font-family: Whitney SSm A,Whitney SSm B,Helvetica Neue,Helvetica,Arial,sans-serif;
}

.c1 {
  display: grid;
  grid-gap: 1rem;
  grid-template-columns: repeat(3,max-content);
}

.c1 > div {
  display: -webkit-box;
  display: -webkit-flex;
  display: -ms-flexbox;
  display: flex;
  -webkit-align-items: center;
  -webkit-box-align: center;
  -ms-flex-align: center;
  align-items: center;
  -webkit-box-pack: center;
  -webkit-justify-content: center;
  -ms-flex-pack: center;
  justify-content: center;
  width: 2rem;
  height: 2rem;
  background: hsla(231.24087591240877,100%,26.862745098039216%,1);
  border-radius: 0.5rem;
}

<div
    class="c0"
  >
    <div
      class="c1"
      color="brand"
    >
      <div>
        🌯
      </div>
      <div>
        🍦
      </div>
      <div>
        🍔
      </div>
    </div>
  </div>
</DocumentFragment>
`;
